// Jest Snapshot v1, https://goo.gl/fbAQLP

exports[`renders homepage unchanged 1`] = `
<div>
  <div
    id="hi"
  >
    hi
  </div>
</div>
`;
